Type errors for:
- Input sequence : []
- Found at expr  : a == b
--------------------
* Value    : a = true
* Expected : Integer
* Actual   : Boolean
--------------------
* Value    : b = 2000
* Expected : Boolean
* Actual   : Integer
2 errors found. No further control flows exist.
