Type errors for:
- Input sequence : []
- Found at expr  : a == b
--------------------
* Value    : a = {}
* Expected : Integer
* Actual   : Record {}
--------------------
* Value    : a = {}
* Expected : Boolean
* Actual   : Record {}
--------------------
* Value    : b = 2000
* Expected : Boolean
* Actual   : Integer
3 errors found. No further control flows exist.
