Type errors for:
- Input sequence : [0]
- Found at expr  : (fun x ->
x) + 1
--------------------
* Value    : fun x -> x
* Expected : Integer
* Actual   : Function
Type errors for:
- Input sequence : [1]
- Found at expr  : {} or false
--------------------
* Value    : {}
* Expected : Boolean
* Actual   : Record {}
2 errors found. No further control flows exist.
