Type errors for:
- Input sequence : [0]
- Found at expr  : assert false
--------------------
* Value : false
Type errors for:
- Input sequence : [1]
- Found at expr  : assert (0 == 1)
--------------------
* Constraint : 0 == 1
2 errors found. No further control flows exist.
