Type errors for:
- Input sequence : []
- Found at expr  : match `A 2 with | `B b -> b | `C c -> c
end
--------------------
* Value    : `A 2
* Expected : Variant `C
* Actual   : Variant `A
--------------------
* Value    : `A 2
* Expected : Variant `B
* Actual   : Variant `A
2 errors found. No further control flows exist.
