Type errors for:
- Input sequence : []
- Found at expr  : match a with | int -> 0 | bool -> 1 | fun -> 2
end
--------------------
* Value    : a = {}
* Expected : Function
* Actual   : Record {}
--------------------
* Value    : a = {}
* Expected : Boolean
* Actual   : Record {}
--------------------
* Value    : a = {}
* Expected : Integer
* Actual   : Record {}
3 errors found. No further control flows exist.
