Type errors for:
- Input sequence : []
- Found at expr  : n < true
--------------------
* Value    : true
* Expected : Integer
* Actual   : Boolean
1 errors found. No further control flows exist.
