Type errors for:
- Input sequence : [0]
- Found at expr  : n + true
--------------------
* Value    : true
* Expected : Integer
* Actual   : Boolean
1 errors found. Further control flows may exist.
