Type errors for:
- Input sequence : [0]
- Found at expr  : false - i
--------------------
* Value    : false
* Expected : Integer
* Actual   : Boolean
1 errors found. No further control flows exist.
