Type errors for:
- Input sequence  : [0, 0]
- Found at clause : ans = i1 and i2
--------------------
* Value    : i1 = input
* Expected : bool
* Actual   : int
--------------------
* Value    : i2 = input
* Expected : bool
* Actual   : int
2 errors found. No further control flows exist.
