Type errors for:
- Input sequence  : []
- Found at clause : z = x + y
--------------------
* Value    : x = false
* Expected : int
* Actual   : bool
--------------------
* Value    : y = false
* Expected : int
* Actual   : bool
2 errors found. No further control flows exist.
