No errors found. Further control flows may exist.
