Type errors for:
- Input sequence  : []
- Found at clause : s = r.two
--------------------
* Value    : r = {one=o, zero=z}
* Expected : {two}
* Actual   : {one, zero}
1 errors found. No further control flows exist.
