Type errors for:
- Input sequence  : [0]
- Found at clause : ret = x + t
--------------------
* Value    : t = true
* Expected : int
* Actual   : bool
1 errors found. No further control flows exist.
