Type errors for:
- Input sequence  : []
- Found at clause : quot = t / z
--------------------
* Left Val   : z = 0
* Constraint : 0 <> 0
1 errors found. No further control flows exist.
